
==================================================
  phase05-now-split plan  (READ-ONLY - nothing is moved)
==================================================
  now root:   /mnt/tank/downloads/complete/nzb/unsorted/VA-Now_That.s_What_I_Call_Music__1-115_2023
  out dir:    /mnt/fast/safety/phase05
  split map:  /mnt/fast/safety/phase05/now-split-map.tsv
  quarantine: /mnt/tank/downloads/complete/nzb/_inbox/99-quarantine/now-volume-disagreement
  date:       2026-09-18T20:45:47Z

==> Inputs
    now-tags.ndjson records                    4746
    now-manifest.ndjson records                4770

==> Volume number derivation
    distinct manifest volume directories       119
    rows that yielded a volume number          119
    emitted to                                 /mnt/fast/safety/phase05/now-volume-numbers.tsv
  ✅ the numberless directory rule fired exactly once (volume 1 carries no number - D-03)
  ✅ total coverage: exactly 1 through 115, no gaps, nothing out of range

==> Variant-edition merge (operator decision 1)
    volume numbers with >1 directory           3
    directories folded by the merge            7
      Vol 004  <-  1984. Now That's What I Call Music! 4 [2019 Reissue]   [2019 Reissue]
      Vol 004  <-  1984. Now That's What I Call Music! 4 [Genuine UK 1CD-Extremely Rare Estimated 500 copies Pressed]   [Genuine UK 1CD-Extremely Rare Estimated 500 copies Pressed]
      Vol 004  <-  1984. Now That's What I Call Music! 4 [Original 1CD Extremely Rare Estimated 500 copies Pressed]   [Original 1CD Extremely Rare Estimated 500 copies Pressed]
      Vol 008  <-  1986. Now That's What I Call Music! 8 [2021 Reissue]   [2021 Reissue]
      Vol 008  <-  1986. Now That's What I Call Music! 8 [Original 1CD Rare]   [Original 1CD Rare]
      Vol 009  <-  1987. Now That's What I Call Music! 9 [2021 Reissue]   [2021 Reissue]
      Vol 009  <-  1987. Now That's What I Call Music! 9 [Original 1CD Rare]   [Original 1CD Rare]
  ✅ every merged directory carries a recorded variant-edition annotation

==> Join (disk basename -> manifest leaf)
    stage 1, exact                             4744
    stage 2, alphanumerics-only key            2
    UNRESOLVED (never guessed)                 0

==> Album alias table (the independent cross-check - a LOOKUP, never a regex)
    distinct album strings                     117
    mapping to exactly one volume              117
    FLAGGED, modal used                        0
    FLAGGED, tied and unresolved               0
    emitted to                                 /mnt/fast/safety/phase05/now-album-aliases.tsv

==> Kept sidecars (D-06)
    non-mp3 files at the collection root       5
    .cue files (expect exactly 1)              1
    .m3u files (expect exactly 1)              1
phase05-now-split plan
generated: 2026-09-18T20:45:48Z
now root:  /mnt/tank/downloads/complete/nzb/unsorted/VA-Now_That.s_What_I_Call_Music__1-115_2023
map:       /mnt/fast/safety/phase05/now-split-map.tsv

== THE DISJOINT-BUCKET EQUATION ==
  files_seen = mapped-to-a-volume + routed-to-disagreement + kept-sidecar + refused-by-fence
  mp3 records (now-tags.ndjson)                  4746
  non-mp3 sidecars at the root                   5
  files_seen                                     4751
    mapped to a volume                           4746
    routed to disagreement                       0
    kept sidecar                                 5
    refused by fence                             0
  bucket sum                                     4751
  map rows emitted                               4751

  routed-to-disagreement, broken out (these are NOT junk and must not be deleted):
    album tag disagrees with the manifest        0
    album string absent from the alias table     0
    cross-volume collision, FLAGGED              0
    no manifest entry at all                     0

== VOLUME NUMBER DERIVATION ==
  distinct manifest volume directories           119
  distinct volume numbers derived                115
  volume numbers with >1 directory               3
  directories folded by the merge                7
  volume folders in the map                      115

== THE FLATTEN COLLISION, AFTER THE VARIANT-EDITION MERGE ==
  manifest lines beyond the first per leaf       24
  distinct leaves carried by >1 line             23
  leaves still claimed by >1 VOLUME NUMBER       4
    resolved by the album tag                    4
    FLAGGED for operator review                  0
  named in                                       /mnt/fast/safety/phase05/now-cross-volume-collisions.tsv

== MANIFEST-ONLY ENTRIES - their own line, folded into nothing ==
  m3u lines with no file on disk                 0

== JOIN ==
  stage 1, exact                                 4744
  stage 2, alphanumerics-only key                2
  UNRESOLVED (never guessed)                     0

== PER-VOLUME IDENTITY: files_present == sum of (modal) tracktotal ==
  volume folders                                 115
  balanced                                       104
  EXCEPTIONS                                     11
  sum of per-volume files                        4746

  volume | files | sum(tracktotal) | delta
  EXC  Vol 003 | 26 | 28 | -2
  EXC  Vol 004 | 45 | 32 | +13
  EXC  Vol 008 | 42 | 33 | +9
  EXC  Vol 009 | 44 | 31 | +13
  EXC  Vol 015 | 31 | 32 | -1
  EXC  Vol 018 | 31 | 32 | -1
  EXC  Vol 039 | 40 | 41 | -1
  EXC  Vol 052 | 41 | 42 | -1
  EXC  Vol 070 | 42 | 43 | -1
  EXC  Vol 083 | 42 | 43 | -1
  EXC  Vol 098 | 45 | 46 | -1

== THE SHORTFALL, NAMED TRACK BY TRACK (operator decision 2) ==
  (volume,disc) groups short                     10
  missing tracks in total                        13
  named in                                       /mnt/fast/safety/phase05/now-missing-tracks.tsv

  Vol 003 disc 1: expected 14, present 13, MISSING track(s) 1
  Vol 003 disc 2: expected 14, present 13, MISSING track(s) 7
  Vol 008 disc 2: expected 16, present 12, MISSING track(s) 9,10,11,12
  Vol 015 disc 1: expected 16, present 15, MISSING track(s) 12
  Vol 018 disc 2: expected 16, present 15, MISSING track(s) 10
  Vol 039 disc 1: expected 19, present 18, MISSING track(s) 7
  Vol 052 disc 1: expected 22, present 21, MISSING track(s) 10
  Vol 070 disc 1: expected 22, present 21, MISSING track(s) 17
  Vol 083 disc 2: expected 21, present 20, MISSING track(s) 21
  Vol 098 disc 2: expected 23, present 22, MISSING track(s) 23

  --- all volume folders ---
  ok   Vol 001 | 30 | 30 | +0
  ok   Vol 002 | 30 | 30 | +0
  EXC  Vol 003 | 26 | 28 | -2
  EXC  Vol 004 | 45 | 32 | +13
  ok   Vol 005 | 29 | 29 | +0
  ok   Vol 006 | 29 | 29 | +0
  ok   Vol 007 | 30 | 30 | +0
  EXC  Vol 008 | 42 | 33 | +9
  EXC  Vol 009 | 44 | 31 | +13
  ok   Vol 010 | 30 | 30 | +0
  ok   Vol 011 | 30 | 30 | +0
  ok   Vol 012 | 32 | 32 | +0
  ok   Vol 013 | 32 | 32 | +0
  ok   Vol 014 | 32 | 32 | +0
  EXC  Vol 015 | 31 | 32 | -1
  ok   Vol 016 | 35 | 35 | +0
  ok   Vol 017 | 32 | 32 | +0
  EXC  Vol 018 | 31 | 32 | -1
  ok   Vol 019 | 34 | 34 | +0
  ok   Vol 020 | 35 | 35 | +0
  ok   Vol 021 | 36 | 36 | +0
  ok   Vol 022 | 34 | 34 | +0
  ok   Vol 023 | 39 | 39 | +0
  ok   Vol 024 | 37 | 37 | +0
  ok   Vol 025 | 35 | 35 | +0
  ok   Vol 026 | 40 | 40 | +0
  ok   Vol 027 | 38 | 38 | +0
  ok   Vol 028 | 40 | 40 | +0
  ok   Vol 029 | 38 | 38 | +0
  ok   Vol 030 | 40 | 40 | +0
  ok   Vol 031 | 40 | 40 | +0
  ok   Vol 032 | 40 | 40 | +0
  ok   Vol 033 | 40 | 40 | +0
  ok   Vol 034 | 42 | 42 | +0
  ok   Vol 035 | 40 | 40 | +0
  ok   Vol 036 | 40 | 40 | +0
  ok   Vol 037 | 41 | 41 | +0
  ok   Vol 038 | 41 | 41 | +0
  EXC  Vol 039 | 40 | 41 | -1
  ok   Vol 040 | 40 | 40 | +0
  ok   Vol 041 | 42 | 42 | +0
  ok   Vol 042 | 40 | 40 | +0
  ok   Vol 043 | 41 | 41 | +0
  ok   Vol 044 | 42 | 42 | +0
  ok   Vol 045 | 45 | 45 | +0
  ok   Vol 046 | 43 | 43 | +0
  ok   Vol 047 | 42 | 42 | +0
  ok   Vol 048 | 41 | 41 | +0
  ok   Vol 049 | 41 | 41 | +0
  ok   Vol 050 | 44 | 44 | +0
  ok   Vol 051 | 43 | 43 | +0
  EXC  Vol 052 | 41 | 42 | -1
  ok   Vol 053 | 43 | 43 | +0
  ok   Vol 054 | 42 | 42 | +0
  ok   Vol 055 | 42 | 42 | +0
  ok   Vol 056 | 43 | 43 | +0
  ok   Vol 057 | 44 | 44 | +0
  ok   Vol 058 | 42 | 42 | +0
  ok   Vol 059 | 43 | 43 | +0
  ok   Vol 060 | 43 | 43 | +0
  ok   Vol 061 | 43 | 43 | +0
  ok   Vol 062 | 43 | 43 | +0
  ok   Vol 063 | 42 | 42 | +0
  ok   Vol 064 | 43 | 43 | +0
  ok   Vol 065 | 45 | 45 | +0
  ok   Vol 066 | 44 | 44 | +0
  ok   Vol 067 | 43 | 43 | +0
  ok   Vol 068 | 44 | 44 | +0
  ok   Vol 069 | 42 | 42 | +0
  EXC  Vol 070 | 42 | 43 | -1
  ok   Vol 071 | 45 | 45 | +0
  ok   Vol 072 | 43 | 43 | +0
  ok   Vol 073 | 44 | 44 | +0
  ok   Vol 074 | 45 | 45 | +0
  ok   Vol 075 | 43 | 43 | +0
  ok   Vol 076 | 46 | 46 | +0
  ok   Vol 077 | 44 | 44 | +0
  ok   Vol 078 | 42 | 42 | +0
  ok   Vol 079 | 44 | 44 | +0
  ok   Vol 080 | 43 | 43 | +0
  ok   Vol 081 | 42 | 42 | +0
  ok   Vol 082 | 44 | 44 | +0
  EXC  Vol 083 | 42 | 43 | -1
  ok   Vol 084 | 43 | 43 | +0
  ok   Vol 085 | 44 | 44 | +0
  ok   Vol 086 | 44 | 44 | +0
  ok   Vol 087 | 46 | 46 | +0
  ok   Vol 088 | 45 | 45 | +0
  ok   Vol 089 | 45 | 45 | +0
  ok   Vol 090 | 45 | 45 | +0
  ok   Vol 091 | 44 | 44 | +0
  ok   Vol 092 | 46 | 46 | +0
  ok   Vol 093 | 44 | 44 | +0
  ok   Vol 094 | 42 | 42 | +0
  ok   Vol 095 | 45 | 45 | +0
  ok   Vol 096 | 43 | 43 | +0
  ok   Vol 097 | 45 | 45 | +0
  EXC  Vol 098 | 45 | 46 | -1
  ok   Vol 099 | 45 | 45 | +0
  ok   Vol 100 | 44 | 44 | +0
  ok   Vol 101 | 46 | 46 | +0
  ok   Vol 102 | 46 | 46 | +0
  ok   Vol 103 | 48 | 48 | +0
  ok   Vol 104 | 47 | 47 | +0
  ok   Vol 105 | 46 | 46 | +0
  ok   Vol 106 | 41 | 41 | +0
  ok   Vol 107 | 43 | 43 | +0
  ok   Vol 108 | 46 | 46 | +0
  ok   Vol 109 | 48 | 48 | +0
  ok   Vol 110 | 49 | 49 | +0
  ok   Vol 111 | 50 | 50 | +0
  ok   Vol 112 | 48 | 48 | +0
  ok   Vol 113 | 48 | 48 | +0
  ok   Vol 114 | 50 | 50 | +0
  ok   Vol 115 | 50 | 50 | +0

  split map:        /mnt/fast/safety/phase05/now-split-map.tsv
  volume numbers:   /mnt/fast/safety/phase05/now-volume-numbers.tsv
  album aliases:    /mnt/fast/safety/phase05/now-album-aliases.tsv
  cross-vol coll.:  /mnt/fast/safety/phase05/now-cross-volume-collisions.tsv
  missing tracks:   /mnt/fast/safety/phase05/now-missing-tracks.tsv
  reconciliation:   /mnt/fast/safety/phase05/now-split-reconciliation.txt

  ✅ the four buckets are disjoint and sum to files_seen (4751)
  ✅ every file appears in the map exactly once (4751 rows)

  ⚠️  NOTHING HAS BEEN MOVED. No directory was created inside the collection.
  ⚠️  An operator must read and approve /mnt/fast/safety/phase05/now-split-map.tsv before 'apply' will act.
